ROLLMUSIC.BAS:32:6:GETFILES	2256	static
ROLLDEC.BI:43:6:_ZN8FREETYPEC1Ev	80	static
ROLLDEC.BI:47:6:_ZN8FREETYPED1Ev	80	static
FMIDI.BI:285:6:_ZN6FBMIDI8LOADFILEER8FBSTRING	176	static
FMIDI.BI:303:7:_ZN6FBMIDI5SETUPEv	112	static
FMIDI.BI:310:11:_ZN6FBMIDI7INTLEFTEu7INTEGERS0_	240	static
FMIDI.BI:321:8:_ZN6FBMIDI8NEXTBYTEEv	112	static
FMIDI.BI:331:11:_ZN6FBMIDI9HEADERSTREv	224	static
FMIDI.BI:345:11:_ZN6FBMIDI7GETTIMEEv	336	static
FMIDI.BI:362:8:_ZN6FBMIDI4NUM4Ev	128	static
FMIDI.BI:371:8:_ZN6FBMIDI4NUM2Ev	112	static
FMIDI.BI:378:20:_ZN6FBMIDI13GETTRACKCHUNKEv	160	static
FMIDI.BI:393:20:_ZN6FBMIDI14GETHEADERCHUNKEv	208	static
FMIDI.BI:408:8:_ZN6FBMIDI4VNUMEv	128	static
FMIDI.BI:423:23:_ZN6FBMIDI9EVENTINFOEu7INTEGER	128	static
FMIDI.BI:583:6:_ZN6FBMIDI13READEVENTDATAEP6TEVENT	592	static
FMIDI.BI:640:11:_ZN6FBMIDI9GETEVPARAEP6TEVENT	992	static
FMIDI.BI:683:11:_ZN6FBMIDI11GETEVSTRINGEP6TEVENT	240	static
FMIDI.BI:700:7:_ZN6FBMIDI10ISPLAYABLEEu7INTEGER	96	static
FMIDI.BI:713:6:_ZN6FBMIDI15READTRACKEVENTSEu7INTEGERP6TEVENTS0_S0_	1616	static
FMIDI.BI:824:6:_ZN6FBMIDI14READTRACKCHUNKEu7INTEGER	416	static
FMIDI.BI:848:6:_ZN6FBMIDI15READHEADERCHUNKEv	352	static
FMIDI.BI:869:7:_ZN6FBMIDI8READMIDIEv	112	static
FMIDI.BI:892:6:_ZN6FBMIDI11RETIMETRACKEv	224	static
FMIDI.BI:917:6:_ZN6FBMIDI13ANALYSELYRICSEv	272	static
FMIDI.BI:950:7:_ZN6FBMIDI12ISENDOFTRACKEP6TEVENT	112	static
FMIDI.BI:961:6:_ZN6FBMIDI13BUILDSEQUENCEEv	752	static
FMIDI.BI:1026:6:_ZN6FBMIDI8INITLOOPEd	96	static
FMIDI.BI:1035:6:_ZN6FBMIDI11ALLNOTESOFFEv	112	static
FMIDI.BI:1047:11:_ZN6FBMIDI16GETLYRICSELEMENTEP9TSEQUENCEu7INTEGER	624	static
FMIDI.BI:1090:6:_ZN6FBMIDI10READLYRICSEv	368	static
FMIDI.BI:1121:6:_ZN6FBMIDI10SAVEENERGYEv	160	static
FMIDI.BI:1141:6:_ZN6FBMIDI13PLAYMIDIEVENTEP9TSEQUENCE	368	static
FMIDI.BI:1172:7:_ZN6FBMIDI12ISENDOFMUSICEv	112	static
FMIDI.BI:1179:6:_ZN6FBMIDI6WINDTOEd	144	static
FMIDI.BI:1194:6:_ZN6FBMIDI8PLAYLOOPEv	144	static
FMIDI.BI:1208:6:_ZN6FBMIDI13DELETEOLDSONGEv	160	static
RTMIDISUB.BAS:4:6:NOTEOFF	112	static
RTMIDISUB.BAS:24:6:PEDALOFF	112	static
RTMIDISUB.BAS:40:6:ALLSOUNDOFF	112	static
RTMIDISUB.BAS:59:6:ALLOFF	112	static
RTMIDISUB.BAS:78:6:CHANGEPROGRAM	112	static
RTMIDISUB.BAS:95:6:NOTEON	112	static
RTMIDISUB.BAS:114:6:LIMPIARLIGADURAS	208	static
RTMIDISUB.BAS:136:6:NOTESIMPLE	912	static
RTMIDISUB.BAS:240:7:VOL	96	static
RTMIDISUB.BAS:249:6:ACORDEONIGUALES	544	static
RTMIDISUB.BAS:351:6:ACORDEONDISTINTOS	704	static
RTMIDISUB.BAS:485:6:ACORDEOFFIGUALES	384	static
RTMIDISUB.BAS:548:6:ACORDEIGUALES	128	static
RTMIDISUB.BAS:561:6:ACORDEOFFDISTINTOS	704	static
RTMIDISUB.BAS:687:6:ACORDEDISTINTOS	144	static
RTMIDISUB.BAS:697:6:PLAYALL	9456	static
RTMIDISUB.BAS:966:7:QCOMPARE	144	static
RTMIDISUB.BAS:988:6:PLAYROLL	2816	static
RTMIDISUB.BAS:1312:7:RESTAR	96	static
RTMIDISUB.BAS:1339:7:SUMARNR	96	static
RTMIDISUB.BAS:1370:7:SUMAR	96	static
RTMIDISUB.BAS:1382:6:DURACION	128	static
RTMIDISUB.BAS:1407:6:DURACIONOKOLD	128	static
RTMIDISUB.BAS:1420:6:LISTPORTS	256	static
RTMIDISUB.BAS:1446:6:TRASPONERGRUPO	1744	static
RTMIDISUB.BAS:1542:6:TRASPONERROLL	2384	static
RTMIDISUB.BAS:1662:6:MOVERZONAROLL	1024	static
RTMIDISUB.BAS:1751:6:CORRECCIONDENOTAS	336	static
RTMIDISUB.BAS:1790:6:CREARSECUENCIA	3072	static
ROLLTRACKS.BAS:2:6:CARGARTRACK	2256	static
ROLLTRACKS.BAS:155:6:GRABARROLLATRACK	4032	static
ROLLTRACKS.BAS:457:6:TRACKAROLL	1424	static
ROLLTRACKS.BAS:587:6:RESETEAR	256	static
ROLLTRACKS.BAS:602:11:DOSCIFRAS	224	static
ROLLSUB.BAS:3:6:CERRAR	112	static
ROLLSUB.BAS:12:6:CALCCOMPAS	3184	static
ROLLSUB.BAS:330:6:SEPARARDUR	1296	static
ROLLSUB.BAS:575:6:MAYORDURENUNAPOSICION	240	static
ROLLSUB.BAS:610:6:RECALCOMPAS	832	static
ROLLSUB.BAS:1100:6:TRACKS	224	static
ROLLSUB.BAS:1129:6:CARGAARCHIVO	2192	static
ROLLSUB.BAS:1294:6:NUEVO	400	static
ROLLSUB.BAS:2225:6:MOVEDATO	208	static
ROLLSUB.BAS:2256:6:MOVERESTO	1104	static
ROLLSUB.BAS:2446:6:ORGANIZACOMPASES	96	static
ROLLSUB.BAS:2465:7:KEYPRESS	144	static
ROLLSUB.BAS:2485:6:CAMBIARDIM	336	static
ROLLSUB.BAS:2520:6:ENTRARTECLADO	400	static
ROLLSUB.BAS:2573:6:VELOCIDADES	240	static
ROLLSUB.BAS:2606:6:GRABARARCHIVO	1712	static
ROLLSUB.BAS:2775:6:CARGARPISTASENCANCION	512	static
ROLLSUB.BAS:2836:6:GRABARTRACK	2080	static
ROLLSUB.BAS:3001:6:GTKLISTBOX	640	static
ROLLSUB.BAS:3136:6:SIGH_BUTTON_EVENT	304	static
ROLLSUB.BAS:3191:6:SIGH_PRINT_SELECTION	176	static
ROLLSUB.BAS:3225:6:SELPORT	544	static
ROLLSUB.BAS:3290:6:COMBOBOX	448	static
ROLLSUB.BAS:3323:6:GRABAPRUEBA	1120	static
ROLLSUB.BAS:3394:6:BORRARCOLUMNASMARCADAS	368	static
ROLLLOOP.BAS:497:6:ROLLLOOP	6128	static
ROLLMUSIC.BAS:1:7:main	6096	static
GLIB.BI:686:13:g_mutex_locker_free	80	static
GLIB-OBJECT.BI:1691:13:glib_autoptr_cleanup_GObject	112	static
ROLLDEC.BI:51:7:_ZN8FREETYPEcvP14FT_LIBRARYREC_Ev	96	static
ROLLDEC.BI:253:13:_ZN8RANGOOCTC1Ev	80	static
ROLLDEC.BI:292:13:_ZN4POLIC1Ev	80	static
ROLLDEC.BI:296:13:_ZN3SECC1Ev	80	static
ROLLDEC.BI:296:13:_ZN3SECaSERKS_	160	static
ROLLDEC.BI:296:13:_ZN3SECD1Ev	80	static
ROLLDEC.BI:307:13:_ZN3DATC1Ev	80	static
ROLLDEC.BI:311:13:_ZN4INSTC1Ev	80	static
ROLLDEC.BI:311:13:_ZN4INSTaSERKS_	144	static
ROLLDEC.BI:311:13:_ZN4INSTD1Ev	80	static
ROLLDEC.BI:316:13:_ZN4PASOC1Ev	80	static
ROLLDEC.BI:325:13:_ZN4PASAC1Ev	96	static
ROLLDEC.BI:325:13:_ZN4PASAaSERKS_	96	static
ROLLDEC.BI:325:13:_ZN4PASAD1Ev	80	static
FMIDI.BI:64:13:_ZN8THDCHUNKC1Ev	80	static
FMIDI.BI:64:13:_ZN8THDCHUNKaSERKS_	96	static
FMIDI.BI:64:13:_ZN8THDCHUNKC1ERKS_	80	static
FMIDI.BI:64:13:_ZN8THDCHUNKD1Ev	80	static
FMIDI.BI:71:13:_ZN8TTRCHUNKC1Ev	80	static
FMIDI.BI:71:13:_ZN8TTRCHUNKaSERKS_	96	static
FMIDI.BI:71:13:_ZN8TTRCHUNKC1ERKS_	80	static
FMIDI.BI:71:13:_ZN8TTRCHUNKD1Ev	80	static
FMIDI.BI:104:13:_ZN7TTRINFOC1Ev	80	static
FMIDI.BI:104:13:_ZN7TTRINFOaSERKS_	96	static
FMIDI.BI:104:13:_ZN7TTRINFOD1Ev	80	static
FMIDI.BI:144:13:_ZN10TEVENTINFOC1Ev	80	static
FMIDI.BI:144:13:_ZN10TEVENTINFOaSERKS_	96	static
FMIDI.BI:144:13:_ZN10TEVENTINFOC1ERKS_	80	static
FMIDI.BI:144:13:_ZN10TEVENTINFOD1Ev	80	static
FMIDI.BI:280:13:_ZN6FBMIDIaSERKS_	288	static
WINDOW9.BI:167:13:_ZN7WINDOW99FONTPRINTaSERKS0_	96	static
ROLLSUB.BAS:762:6:CURSOR	2496	static
ROLLSUB.BAS:1358:6:MENUGRAFICO	224	static
ROLLSUB.BAS:1415:6:MENU	1920	static
ROLLSUB.BAS:2378:6:BOTONES	224	static
ROLLLOOP.BAS:13:6:CREAPENTA	1376	static
ROLLMUSIC.BAS:906:44:_GLOBAL__I	112	static
ROLLMUSIC.BAS:906:43:_GLOBAL__D	96	static
